  Файл: /home/user1
  Размер: 4096      	Блоков: 8          Блок В/В: 4096   каталог
Устройство: 8/4	Инода: 680414      Ссылки: 3
Доступ: (0700/drwx------)  Uid: ( 1234/   user1)   Gid: ( 1001/students)
Контекст: unconfined_u:object_r:user_home_dir_t:s0
Доступ:        2026-09-15 22:58:47.122187995 +0300
Модифицирован: 2026-09-15 22:56:28.722788391 +0300
Изменён:       2026-09-15 22:56:28.722788391 +0300
Создан:        2026-09-11 22:53:10.671423502 +0300
  Файл: /home/user1/cat-suid
  Размер: 36568     	Блоков: 72         Блок В/В: 4096   обычный файл
Устройство: 8/4	Инода: 711451      Ссылки: 1
Доступ: (4755/-rwsr-xr-x)  Uid: (    0/    root)   Gid: (    0/    root)
Контекст: unconfined_u:object_r:user_home_t:s0
Доступ:        2026-09-15 22:53:11.562174456 +0300
Модифицирован: 2026-09-15 22:49:41.900577756 +0300
Изменён:       2026-09-15 22:50:52.062106865 +0300
Создан:        2026-09-15 22:49:41.900577756 +0300
  Файл: /home/user1/chown-cap
  Размер: 65840     	Блоков: 144        Блок В/В: 4096   обычный файл
Устройство: 8/4	Инода: 711472      Ссылки: 1
Доступ: (0755/-rwxr-xr-x)  Uid: (    0/    root)   Gid: (    0/    root)
Контекст: unconfined_u:object_r:user_home_t:s0
Доступ:        2026-09-15 22:58:54.856801156 +0300
Модифицирован: 2026-09-15 22:56:28.722788391 +0300
Изменён:       2026-09-15 22:57:52.059940335 +0300
Создан:        2026-09-15 22:56:28.722788391 +0300
